2026-06-13 08:32:43,262 | INFO | ============================================================
2026-06-13 08:32:43,263 | INFO | MALAWI FOOD SECURITY — DATA UPDATE PIPELINE
2026-06-13 08:32:43,264 | INFO | Run started: 2026-06-13 08:32:43
2026-06-13 08:32:43,264 | INFO | ============================================================
2026-06-13 08:32:43,265 | INFO | Connecting to database...
2026-06-13 08:32:45,729 | INFO | Connected successfully
2026-06-13 08:32:45,730 | INFO | Downloading latest WFP data from HDX...
2026-06-13 08:33:31,091 | INFO | Downloaded 79,285 total records
2026-06-13 08:33:31,098 | INFO | Fetching existing row keys from database...
2026-06-13 08:33:36,558 | INFO | Found 28,284 existing row keys in database
2026-06-13 08:33:36,558 | INFO | Fetching existing informal row keys from database...
2026-06-13 08:33:38,681 | INFO | Found 11,227 existing informal row keys in database
2026-06-13 08:33:38,682 | INFO | Cleaning and filtering new data...
2026-06-13 08:33:39,206 | INFO | Standardised records in download : 28,284
2026-06-13 08:33:39,207 | INFO | New records (unseen keys)        : 0
2026-06-13 08:33:39,207 | INFO | Informal records found           : 11,227
2026-06-13 08:33:39,208 | INFO | No new rows — will check for price revisions on existing rows...
2026-06-13 08:33:39,211 | INFO | Checking for price revisions on existing rows...
2026-06-13 08:33:45,793 | INFO | No price revisions found — database is truly up to date
2026-06-13 08:33:45,879 | INFO | No new informal records — already up to date
2026-06-13 08:33:47,934 | INFO | Pipeline run logged to database
2026-06-13 08:33:47,936 | INFO | Database connection closed
