2026-06-12 12:42:42,239 | INFO | ============================================================
2026-06-12 12:42:42,240 | INFO | MALAWI FOOD SECURITY — DATA UPDATE PIPELINE
2026-06-12 12:42:42,240 | INFO | Run started: 2026-06-12 12:42:42
2026-06-12 12:42:42,241 | INFO | ============================================================
2026-06-12 12:42:42,241 | INFO | Connecting to database...
2026-06-12 12:42:59,376 | INFO | Connected successfully
2026-06-12 12:42:59,376 | INFO | Downloading latest WFP data from HDX...
2026-06-12 12:43:29,018 | INFO | Downloaded 79,285 total records
2026-06-12 12:43:29,034 | INFO | Fetching existing row keys from database...
2026-06-12 12:43:33,764 | INFO | Found 28,284 existing row keys in database
2026-06-12 12:43:33,764 | INFO | Fetching existing informal row keys from database...
2026-06-12 12:43:34,073 | INFO | Found 0 existing informal row keys in database
2026-06-12 12:43:34,074 | INFO | Cleaning and filtering new data...
2026-06-12 12:43:35,811 | INFO | Standardised records in download : 28,284
2026-06-12 12:43:35,812 | INFO | New records (unseen keys)        : 0
2026-06-12 12:43:35,812 | INFO | Informal records found           : 11,227
2026-06-12 12:43:35,813 | INFO | No new rows — will check for price revisions on existing rows...
2026-06-12 12:43:35,818 | INFO | Checking for price revisions on existing rows...
2026-06-12 12:43:46,388 | INFO | No price revisions found — database is truly up to date
2026-06-12 12:43:46,450 | INFO | Processing 11,227 new informal records...
2026-06-12 12:43:59,013 | INFO | Upserted 11,227 informal records
2026-06-12 12:43:59,013 | INFO | Informal spike events detected: 1,079
2026-06-12 12:43:59,938 | ERROR | Pipeline failed: column "new_informal" of relation "pipeline_log" does not exist
LINE 3: ...          (new_records, new_spikes, new_critical, new_inform...
                                                             ^
Traceback (most recent call last):
  File "C:\Users\NAME\malawi_food_security\scripts\update_pipeline.py", line 613, in run_pipeline
    log_pipeline_run(conn, stats)
    ~~~~~~~~~~~~~~~~^^^^^^^^^^^^^
  File "C:\Users\NAME\malawi_food_security\scripts\update_pipeline.py", line 552, in log_pipeline_run
    cur.execute("""
    ~~~~~~~~~~~^^^^
                INSERT INTO pipeline_log
                ^^^^^^^^^^^^^^^^^^^^^^^^
    ...<9 lines>...
                    stats.get('notes',        '')
                    ^^^^^^^^^^^^^^^^^^^^^^^^^^^^^
                ))
                ^^
psycopg2.errors.UndefinedColumn: column "new_informal" of relation "pipeline_log" does not exist
LINE 3: ...          (new_records, new_spikes, new_critical, new_inform...
                                                             ^

2026-06-12 12:44:01,166 | INFO | Database connection closed
