2026-06-12 18:43:04,263 | INFO | ============================================================
2026-06-12 18:43:04,264 | INFO | MALAWI FOOD SECURITY — DATA UPDATE PIPELINE
2026-06-12 18:43:04,264 | INFO | Run started: 2026-06-12 18:43:04
2026-06-12 18:43:04,264 | INFO | ============================================================
2026-06-12 18:43:04,264 | INFO | Connecting to database...
2026-06-12 18:43:08,068 | INFO | Connected successfully
2026-06-12 18:43:08,068 | INFO | Downloading latest WFP data from HDX...
2026-06-12 18:45:12,884 | INFO | Downloaded 79,285 total records
2026-06-12 18:45:12,889 | INFO | Fetching existing row keys from database...
2026-06-12 18:45:53,742 | INFO | Found 28,284 existing row keys in database
2026-06-12 18:45:53,743 | INFO | Fetching existing informal row keys from database...
2026-06-12 18:46:04,160 | INFO | Found 11,227 existing informal row keys in database
2026-06-12 18:46:04,160 | INFO | Cleaning and filtering new data...
2026-06-12 18:46:04,388 | INFO | Standardised records in download : 28,284
2026-06-12 18:46:04,388 | INFO | New records (unseen keys)        : 0
2026-06-12 18:46:04,388 | INFO | Informal records found           : 11,227
2026-06-12 18:46:04,389 | INFO | No new rows — will check for price revisions on existing rows...
2026-06-12 18:46:04,392 | INFO | Checking for price revisions on existing rows...
2026-06-12 18:46:32,541 | INFO | No price revisions found — database is truly up to date
2026-06-12 18:46:32,595 | INFO | No new informal records — already up to date
2026-06-12 18:46:43,444 | INFO | Pipeline run logged to database
2026-06-12 18:46:43,445 | INFO | Database connection closed
