2026-06-12 19:53:48,290 | INFO | ============================================================
2026-06-12 19:53:48,291 | INFO | MALAWI FOOD SECURITY — DATA UPDATE PIPELINE
2026-06-12 19:53:48,291 | INFO | Run started: 2026-06-12 19:53:48
2026-06-12 19:53:48,291 | INFO | ============================================================
2026-06-12 19:53:48,291 | INFO | Connecting to database...
2026-06-12 19:53:54,219 | INFO | Connected successfully
2026-06-12 19:53:54,219 | INFO | Downloading latest WFP data from HDX...
2026-06-12 19:55:17,710 | INFO | Downloaded 79,285 total records
2026-06-12 19:55:17,722 | INFO | Fetching existing row keys from database...
2026-06-12 19:56:05,985 | INFO | Found 28,284 existing row keys in database
2026-06-12 19:56:05,985 | INFO | Fetching existing informal row keys from database...
2026-06-12 19:56:12,854 | INFO | Found 11,227 existing informal row keys in database
2026-06-12 19:56:12,854 | INFO | Cleaning and filtering new data...
2026-06-12 19:56:15,161 | INFO | Standardised records in download : 28,284
2026-06-12 19:56:15,161 | INFO | New records (unseen keys)        : 0
2026-06-12 19:56:15,161 | INFO | Informal records found           : 11,227
2026-06-12 19:56:15,161 | INFO | No new rows — will check for price revisions on existing rows...
2026-06-12 19:56:15,165 | INFO | Checking for price revisions on existing rows...
2026-06-12 19:56:46,635 | INFO | No price revisions found — database is truly up to date
2026-06-12 19:56:46,701 | INFO | No new informal records — already up to date
2026-06-12 19:56:52,071 | INFO | Pipeline run logged to database
2026-06-12 19:56:52,248 | INFO | Database connection closed
