2026-05-10 14:22:23,640 | INFO | ============================================================
2026-05-10 14:22:23,640 | INFO | MALAWI FOOD SECURITY — DATA UPDATE PIPELINE
2026-05-10 14:22:23,640 | INFO | Run started: 2026-05-10 14:22:23
2026-05-10 14:22:23,640 | INFO | ============================================================
2026-05-10 14:22:23,640 | INFO | Connecting to database...
2026-05-10 14:22:23,666 | INFO | Connected successfully
2026-05-10 14:22:23,666 | INFO | Downloading latest WFP data from HDX...
2026-05-10 14:23:37,072 | INFO | Downloaded 79,285 total records
2026-05-10 14:23:37,074 | INFO | Fetching existing dates from database...
2026-05-10 14:23:37,092 | INFO | Found 71 existing date records in database
2026-05-10 14:23:37,092 | INFO | Cleaning and filtering new data...
2026-05-10 14:23:37,217 | INFO | Standardised records in download : 51,068
2026-05-10 14:23:37,218 | INFO | New standardised records         : 22,784
2026-05-10 14:23:37,218 | INFO | Informal records (not loaded)    : 11,227
2026-05-10 14:23:37,245 | INFO | Loading historical data for spike detection context...
2026-05-10 14:23:37,451 | INFO | Loaded 28,283 historical records
2026-05-10 14:23:37,455 | INFO | Running spike detection on new data...
2026-05-10 14:23:39,101 | INFO | New records processed    : 22,784
2026-05-10 14:23:39,101 | INFO | New spike events         : 1,635
2026-05-10 14:23:39,101 | INFO | New critical events      : 123
2026-05-10 14:23:39,113 | INFO | Inserting 22,784 new records into database...
2026-05-10 14:23:41,155 | INFO | Inserted 22,784 records successfully
2026-05-10 14:23:41,166 | INFO | Adding 1,635 new spike events to spikes table...
2026-05-10 14:23:41,263 | ERROR | Pipeline failed: column "date" is of type date but expression is of type text
LINE 8:             r.date, r.region, r.district, r.market,
                    ^
HINT:  You will need to rewrite or cast the expression.
Traceback (most recent call last):
  File "/home/i9i/malawi_food_security/scripts/update_pipeline.py", line 436, in run_pipeline
    update_spikes_table(conn, df_processed)
    ~~~~~~~~~~~~~~~~~~~^^^^^^^^^^^^^^^^^^^^
  File "/home/i9i/malawi_food_security/scripts/update_pipeline.py", line 352, in update_spikes_table
    psycopg2.extras.execute_values(cur, insert_sql, records, page_size=500)
    ~~~~~~~~~~~~~~~~~~~~~~~~~~~~~~^^^^^^^^^^^^^^^^^^^^^^^^^^^^^^^^^^^^^^^^^
  File "/home/i9i/.local/lib/python3.13/site-packages/psycopg2/extras.py", line 1299, in execute_values
    cur.execute(b''.join(parts))
    ~~~~~~~~~~~^^^^^^^^^^^^^^^^^
psycopg2.errors.DatatypeMismatch: column "date" is of type date but expression is of type text
LINE 8:             r.date, r.region, r.district, r.market,
                    ^
HINT:  You will need to rewrite or cast the expression.

2026-05-10 14:23:41,266 | INFO | Database connection closed
